[sites.google.com/site/jheightquantum.0.delayed]
[sites.google.com/site/jheightquantum/home.1.delayed]
[sites.google.com/site/jheightquantum/index.html]
[sites.google.com/site/jheightquantum/stations.3.delayed]
[sites.google.com/site/jheightquantum/home.html]
[sites.google.com/site/jheightquantum/stations/kcc-jq.5.delayed]
[sites.google.com/site/jheightquantum/stations.html]
[sites.google.com/site/jheightquantum/statations/kcc-jq/docs.7.delayed]
[sites.google.com/site/jheightquantum/stations/kcc-jq.html]
[sites.google.com/site/jheightquantum/statations/kcc-jq/docs.8.delayed]
[sites.google.com/site/jheightquantum/stations/kcc-jq/songs.9.delayed]
[backblue.gif]
[fade.gif]
[index.html]
[sites.google.com/site/jheightquantum/index.html]
[sites.google.com/site/jheightquantum/stations/kcc-jq/songs.html]
[ssl.gstatic.com/sites/p/72a1ca/system/app/images/apple-touch-icon.png]
[ssl.gstatic.com/sites/p/72a1ca/system/app/images/cleardot.gif]
[ssl.gstatic.com/sites/p/72a1ca/system/js/trog_edit__en.js]
[sites.google.com/site/jheightquantum/system/app/pages/sitemap/hierarchy.html]
[sites.google.com/site/jheightquantum/system/app/pages/recentChanges.html]
[sites.google.com/site/jheightquantum/system/app/pages/reportAbuse.html]
[ssl.gstatic.com/sites/p/72a1ca/system/js/jot_min_view__en.js]
[sites.google.com/site/jheightquantum/_/tz.19.delayed]
[sites.google.com/site/jheightquantum/home.html]
[ssl.gstatic.com/sites/p/72a1ca/system/js/jot_min_list_view__en.js]
[sites.google.com/site/jheightquantum/stations.html]
[sites.google.com/site/jheightquantum/stations/kcc-jq.html]
[sites.google.com/site/jheightquantum/stations/kcc-jq/songs.html]
[ssl.gstatic.com/sites/p/72a1ca/system/app/css/codemirror_css.css]
[ssl.gstatic.com/editor/bubble2_tr.gif]
[ssl.gstatic.com/sites/p/72a1ca/system/app/css/trogedit.css]
[sites.google.com/site/jheightquantum/stations/kcc-jq/docs.html]
[sites.google.com/site/jheightquantum/_/rsrc/1486937275000/system/app/images/toolbar-check.gif]
[sites.google.com/site/jheightquantum/_/rsrc/1486937275000/system/app/images/icon-help-kennedy.png]
[sites.google.com/site/sites/system/app/images/icon_plusone.20.delayed]
[www.google.com/a/UniversalLogin.21c521.delayed]
[sites.google.com/site/sites/system/app/images/plusbadge.30.delayed]
[www.google.com/a/UniversalLogin.31263a.delayed]
[ssl.gstatic.com/images/icons/gplus-64.png]
[ssl.gstatic.com/images/icons/gplus-32.png]
[ssl.gstatic.com/images/icons/gplus-16.png]
[sites.google.com/site/jheightquantum/_/rsrc/1486937275000/system/app/css/editor.css]
[ssl.gstatic.com/sites/p/72a1ca/system/app/css/codeeditor.css]
[ssl.gstatic.com/ui/v1/menu/checkmark-partial.png]
[ssl.gstatic.com/sites/p/72a1ca/system/app/themes/iceberg/standard-css-iceberg-ltr-ltr.css]
[sites.google.com/site/jheightquantum/_/rsrc/1486937275000/system/app/css/overlay999f.css]
[sites.google.com/site/jheightquantum/_/rsrc/1486937275000/system/app/images/camelot.png]
[sites.google.com/site/jheightquantum/_/rsrc/1486937275000/system/app/css/camelot/allthemes-view.css]
[ssl.gstatic.com/sites/p/72a1ca/system/js/jot_min__en.js]
[sites.google.com/site/jheightquantum/system.html]
[sites.google.com/site/jheightquantum/system/app.html]
[sites.google.com/site/jheightquantum/system/app/pages.html]
[sites.google.com/site/jheightquantum/system/app/pages/sitemap/hierarchy.html]
[sites.google.com/site/jheightquantum/system/app/pages/sitemap.html]
[sites.google.com/site/jheightquantum/system/app/pages/recentChanges.html]
[sites.google.com/site/jheightquantum/activity.xml]
[sites.google.com/site/jheightquantum/system/app/pages/reportAbuse.html]
[sites.google.com/site/jheightquantum/_/tz.html]
[ssl.gstatic.com/sites/p/72a1ca/system/app/pagetypes/list/icon-delete.gif]
[ssl.gstatic.com/sites/p/72a1ca/system/app/images/icon_close.gif]
[ssl.gstatic.com/sites/p/72a1ca/system/app/pagetypes/list/icon-down.gif]
[ssl.gstatic.com/sites/p/72a1ca/system/app/pagetypes/list/icon-up.gif]
[ssl.gstatic.com/sites/p/72a1ca/system/app/pagetypes/list/list.css]
[sites.google.com/site/jheightquantum/stations/kcc-jq/docs.html]
[sites.google.com/site/jheightquantum/system.html]
[sites.google.com/site/jheightquantum/system/app.html]
[sites.google.com/site/jheightquantum/system/app/pages.html]
[sites.google.com/site/jheightquantum/system/app/pages/sitemap.html]
[sites.google.com/site/jheightquantum/_/rsrc/1486937275000/system/app/images/spinner.gif]
[www.gstatic.com/images/branding/product/1x/atari_24dp.png]
[www.gstatic.com/images/branding/product/1x/sites_24dp.png]
[sites.google.com/site/jheightquantum/_/rsrc/1486937275000/system/app/css/camelot/dashboard.css]
[sites.google.com/site/jheightquantum/_/rsrc/1486937275000/system/app/css/camelot/error.css]
[docs.google.com/images/env.html]
